<?xml version="1.0" encoding="ISO-8859-1" ?>
<link_info>
   <banner>TI ARM Linker PC v20.2.7.LTS</banner>
   <copyright>Copyright (c) 1996-2018 Texas Instruments Incorporated</copyright>
   <link_time>0x667870b0</link_time>
   <link_errors>0x0</link_errors>
   <output_file>gpiointerrupt_CC3220S_LAUNCHXL_nortos_ccs.out</output_file>
   <entry_point>
      <name>resetISR</name>
      <address>0x20011e05</address>
   </entry_point>
   <input_file_list>
      <input_file id="fl-2">
         <path>.\</path>
         <kind>object</kind>
         <file>gpiointerrupt.obj</file>
         <name>gpiointerrupt.obj</name>
      </input_file>
      <input_file id="fl-3">
         <path>.\syscfg\</path>
         <kind>object</kind>
         <file>ti_drivers_config.obj</file>
         <name>ti_drivers_config.obj</name>
      </input_file>
      <input_file id="fl-4">
         <path>.\</path>
         <kind>object</kind>
         <file>main_nortos.obj</file>
         <name>main_nortos.obj</name>
      </input_file>
      <input_file id="fl-d">
         <kind>object</kind>
         <file>&lt;internal&gt;</file>
         <name>&lt;internal&gt;</name>
      </input_file>
      <input_file id="fl-e">
         <path>C:\ti\simplelink_cc32xx_sdk_6_10_00_05\source\ti\drivers\lib\ccs\m4\</path>
         <kind>archive</kind>
         <file>drivers_cc32xx.a</file>
         <name>GPIO.oem4</name>
      </input_file>
      <input_file id="fl-f">
         <path>C:\ti\simplelink_cc32xx_sdk_6_10_00_05\source\ti\drivers\lib\ccs\m4\</path>
         <kind>archive</kind>
         <file>drivers_cc32xx.a</file>
         <name>I2C.oem4</name>
      </input_file>
      <input_file id="fl-10">
         <path>C:\ti\simplelink_cc32xx_sdk_6_10_00_05\source\ti\drivers\lib\ccs\m4\</path>
         <kind>archive</kind>
         <file>drivers_cc32xx.a</file>
         <name>Timer.oem4</name>
      </input_file>
      <input_file id="fl-11">
         <path>C:\ti\simplelink_cc32xx_sdk_6_10_00_05\source\ti\drivers\lib\ccs\m4\</path>
         <kind>archive</kind>
         <file>drivers_cc32xx.a</file>
         <name>UART.oem4</name>
      </input_file>
      <input_file id="fl-12">
         <path>C:\ti\simplelink_cc32xx_sdk_6_10_00_05\source\ti\drivers\lib\ccs\m4\</path>
         <kind>archive</kind>
         <file>drivers_cc32xx.a</file>
         <name>GPIOCC32XX.oem4</name>
      </input_file>
      <input_file id="fl-13">
         <path>C:\ti\simplelink_cc32xx_sdk_6_10_00_05\source\ti\drivers\lib\ccs\m4\</path>
         <kind>archive</kind>
         <file>drivers_cc32xx.a</file>
         <name>I2CCC32XX.oem4</name>
      </input_file>
      <input_file id="fl-14">
         <path>C:\ti\simplelink_cc32xx_sdk_6_10_00_05\source\ti\drivers\lib\ccs\m4\</path>
         <kind>archive</kind>
         <file>drivers_cc32xx.a</file>
         <name>PowerCC32XX.oem4</name>
      </input_file>
      <input_file id="fl-15">
         <path>C:\ti\simplelink_cc32xx_sdk_6_10_00_05\source\ti\drivers\lib\ccs\m4\</path>
         <kind>archive</kind>
         <file>drivers_cc32xx.a</file>
         <name>PowerCC32XX_asm.oem4</name>
      </input_file>
      <input_file id="fl-16">
         <path>C:\ti\simplelink_cc32xx_sdk_6_10_00_05\source\ti\drivers\lib\ccs\m4\</path>
         <kind>archive</kind>
         <file>drivers_cc32xx.a</file>
         <name>TimerCC32XX.oem4</name>
      </input_file>
      <input_file id="fl-17">
         <path>C:\ti\simplelink_cc32xx_sdk_6_10_00_05\source\ti\drivers\lib\ccs\m4\</path>
         <kind>archive</kind>
         <file>drivers_cc32xx.a</file>
         <name>UARTCC32XX.oem4</name>
      </input_file>
      <input_file id="fl-18">
         <path>C:\ti\simplelink_cc32xx_sdk_6_10_00_05\source\ti\drivers\lib\ccs\m4\</path>
         <kind>archive</kind>
         <file>drivers_cc32xx.a</file>
         <name>List.oem4</name>
      </input_file>
      <input_file id="fl-19">
         <path>C:\ti\simplelink_cc32xx_sdk_6_10_00_05\source\ti\drivers\lib\ccs\m4\</path>
         <kind>archive</kind>
         <file>drivers_cc32xx.a</file>
         <name>RingBuf.oem4</name>
      </input_file>
      <input_file id="fl-1a">
         <path>C:\ti\simplelink_cc32xx_sdk_6_10_00_05\kernel\nortos\lib\ccs\m4\</path>
         <kind>archive</kind>
         <file>nortos_cc32xx.a</file>
         <name>NoRTOS.oem4</name>
      </input_file>
      <input_file id="fl-1b">
         <path>C:\ti\simplelink_cc32xx_sdk_6_10_00_05\kernel\nortos\lib\ccs\m4\</path>
         <kind>archive</kind>
         <file>nortos_cc32xx.a</file>
         <name>SemaphoreP_nortos.oem4</name>
      </input_file>
      <input_file id="fl-1c">
         <path>C:\ti\simplelink_cc32xx_sdk_6_10_00_05\kernel\nortos\lib\ccs\m4\</path>
         <kind>archive</kind>
         <file>nortos_cc32xx.a</file>
         <name>ClockPSysTick_nortos.oem4</name>
      </input_file>
      <input_file id="fl-1d">
         <path>C:\ti\simplelink_cc32xx_sdk_6_10_00_05\kernel\nortos\lib\ccs\m4\</path>
         <kind>archive</kind>
         <file>nortos_cc32xx.a</file>
         <name>HwiPCC32XX_nortos.oem4</name>
      </input_file>
      <input_file id="fl-1e">
         <path>C:\ti\simplelink_cc32xx_sdk_6_10_00_05\kernel\nortos\lib\ccs\m4\</path>
         <kind>archive</kind>
         <file>nortos_cc32xx.a</file>
         <name>PowerCC32XX_nortos.oem4</name>
      </input_file>
      <input_file id="fl-1f">
         <path>C:\ti\simplelink_cc32xx_sdk_6_10_00_05\kernel\nortos\lib\ccs\m4\</path>
         <kind>archive</kind>
         <file>nortos_cc32xx.a</file>
         <name>startup_cc32xx_ccs.oem4</name>
      </input_file>
      <input_file id="fl-20">
         <path>C:\ti\simplelink_cc32xx_sdk_6_10_00_05\kernel\nortos\lib\ccs\m4\</path>
         <kind>archive</kind>
         <file>nortos_cc32xx.a</file>
         <name>SwiP_nortos.oem4</name>
      </input_file>
      <input_file id="fl-21">
         <path>C:\ti\simplelink_cc32xx_sdk_6_10_00_05\kernel\nortos\lib\ccs\m4\</path>
         <kind>archive</kind>
         <file>nortos_cc32xx.a</file>
         <name>QueueP_nortos.oem4</name>
      </input_file>
      <input_file id="fl-22">
         <path>C:\ti\simplelink_cc32xx_sdk_6_10_00_05\source\ti\devices\cc32xx\driverlib\ccs\Release\</path>
         <kind>archive</kind>
         <file>driverlib.a</file>
         <name>cpu.obj</name>
      </input_file>
      <input_file id="fl-23">
         <path>C:\ti\simplelink_cc32xx_sdk_6_10_00_05\source\ti\devices\cc32xx\driverlib\ccs\Release\</path>
         <kind>archive</kind>
         <file>driverlib.a</file>
         <name>i2c.obj</name>
      </input_file>
      <input_file id="fl-24">
         <path>C:\ti\simplelink_cc32xx_sdk_6_10_00_05\source\ti\devices\cc32xx\driverlib\ccs\Release\</path>
         <kind>archive</kind>
         <file>driverlib.a</file>
         <name>interrupt.obj</name>
      </input_file>
      <input_file id="fl-25">
         <path>C:\ti\simplelink_cc32xx_sdk_6_10_00_05\source\ti\devices\cc32xx\driverlib\ccs\Release\</path>
         <kind>archive</kind>
         <file>driverlib.a</file>
         <name>pin.obj</name>
      </input_file>
      <input_file id="fl-26">
         <path>C:\ti\simplelink_cc32xx_sdk_6_10_00_05\source\ti\devices\cc32xx\driverlib\ccs\Release\</path>
         <kind>archive</kind>
         <file>driverlib.a</file>
         <name>prcm.obj</name>
      </input_file>
      <input_file id="fl-27">
         <path>C:\ti\simplelink_cc32xx_sdk_6_10_00_05\source\ti\devices\cc32xx\driverlib\ccs\Release\</path>
         <kind>archive</kind>
         <file>driverlib.a</file>
         <name>timer.obj</name>
      </input_file>
      <input_file id="fl-28">
         <path>C:\ti\simplelink_cc32xx_sdk_6_10_00_05\source\ti\devices\cc32xx\driverlib\ccs\Release\</path>
         <kind>archive</kind>
         <file>driverlib.a</file>
         <name>uart.obj</name>
      </input_file>
      <input_file id="fl-29">
         <path>C:\ti\simplelink_cc32xx_sdk_6_10_00_05\source\ti\devices\cc32xx\driverlib\ccs\Release\</path>
         <kind>archive</kind>
         <file>driverlib.a</file>
         <name>utils.obj</name>
      </input_file>
      <input_file id="fl-2a">
         <path>C:\ti\simplelink_cc32xx_sdk_6_10_00_05\source\ti\devices\cc32xx\driverlib\ccs\Release\</path>
         <kind>archive</kind>
         <file>driverlib.a</file>
         <name>flash.obj</name>
      </input_file>
      <input_file id="fl-e0">
         <path>C:\ti\ccs1040\ccs\tools\compiler\ti-cgt-arm_20.2.7.LTS\lib\</path>
         <kind>archive</kind>
         <file>rtsv7M4_T_le_eabi.lib</file>
         <name>snprintf.c.obj</name>
      </input_file>
      <input_file id="fl-e1">
         <path>C:\ti\ccs1040\ccs\tools\compiler\ti-cgt-arm_20.2.7.LTS\lib\</path>
         <kind>archive</kind>
         <file>rtsv7M4_T_le_eabi.lib</file>
         <name>fs_mul_t2.asm.obj</name>
      </input_file>
      <input_file id="fl-e2">
         <path>C:\ti\ccs1040\ccs\tools\compiler\ti-cgt-arm_20.2.7.LTS\lib\</path>
         <kind>archive</kind>
         <file>rtsv7M4_T_le_eabi.lib</file>
         <name>fs_toi_t2.asm.obj</name>
      </input_file>
      <input_file id="fl-e3">
         <path>C:\ti\ccs1040\ccs\tools\compiler\ti-cgt-arm_20.2.7.LTS\lib\</path>
         <kind>archive</kind>
         <file>rtsv7M4_T_le_eabi.lib</file>
         <name>i_tofs_t2.asm.obj</name>
      </input_file>
      <input_file id="fl-e4">
         <path>C:\ti\ccs1040\ccs\tools\compiler\ti-cgt-arm_20.2.7.LTS\lib\</path>
         <kind>archive</kind>
         <file>rtsv7M4_T_le_eabi.lib</file>
         <name>ll_mul_t2.asm.obj</name>
      </input_file>
      <input_file id="fl-e5">
         <path>C:\ti\ccs1040\ccs\tools\compiler\ti-cgt-arm_20.2.7.LTS\lib\</path>
         <kind>archive</kind>
         <file>rtsv7M4_T_le_eabi.lib</file>
         <name>memcpy_t2.asm.obj</name>
      </input_file>
      <input_file id="fl-e6">
         <path>C:\ti\ccs1040\ccs\tools\compiler\ti-cgt-arm_20.2.7.LTS\lib\</path>
         <kind>archive</kind>
         <file>rtsv7M4_T_le_eabi.lib</file>
         <name>ull_div_t2.asm.obj</name>
      </input_file>
      <input_file id="fl-e7">
         <path>C:\ti\ccs1040\ccs\tools\compiler\ti-cgt-arm_20.2.7.LTS\lib\</path>
         <kind>archive</kind>
         <file>rtsv7M4_T_le_eabi.lib</file>
         <name>copy_zero_init.c.obj</name>
      </input_file>
      <input_file id="fl-e8">
         <path>C:\ti\ccs1040\ccs\tools\compiler\ti-cgt-arm_20.2.7.LTS\lib\</path>
         <kind>archive</kind>
         <file>rtsv7M4_T_le_eabi.lib</file>
         <name>copy_decompress_none.c.obj</name>
      </input_file>
      <input_file id="fl-e9">
         <path>C:\ti\ccs1040\ccs\tools\compiler\ti-cgt-arm_20.2.7.LTS\lib\</path>
         <kind>archive</kind>
         <file>rtsv7M4_T_le_eabi.lib</file>
         <name>copy_decompress_lzss.c.obj</name>
      </input_file>
      <input_file id="fl-ea">
         <path>C:\ti\ccs1040\ccs\tools\compiler\ti-cgt-arm_20.2.7.LTS\lib\</path>
         <kind>archive</kind>
         <file>rtsv7M4_T_le_eabi.lib</file>
         <name>memory.c.obj</name>
      </input_file>
      <input_file id="fl-eb">
         <path>C:\ti\ccs1040\ccs\tools\compiler\ti-cgt-arm_20.2.7.LTS\lib\</path>
         <kind>archive</kind>
         <file>rtsv7M4_T_le_eabi.lib</file>
         <name>strlen.c.obj</name>
      </input_file>
      <input_file id="fl-ec">
         <path>C:\ti\ccs1040\ccs\tools\compiler\ti-cgt-arm_20.2.7.LTS\lib\</path>
         <kind>archive</kind>
         <file>rtsv7M4_T_le_eabi.lib</file>
         <name>boot_cortex_m.c.obj</name>
      </input_file>
      <input_file id="fl-ed">
         <path>C:\ti\ccs1040\ccs\tools\compiler\ti-cgt-arm_20.2.7.LTS\lib\</path>
         <kind>archive</kind>
         <file>rtsv7M4_T_le_eabi.lib</file>
         <name>_printfi.c.obj</name>
      </input_file>
      <input_file id="fl-ee">
         <path>C:\ti\ccs1040\ccs\tools\compiler\ti-cgt-arm_20.2.7.LTS\lib\</path>
         <kind>archive</kind>
         <file>rtsv7M4_T_le_eabi.lib</file>
         <name>div0.asm.obj</name>
      </input_file>
      <input_file id="fl-ef">
         <path>C:\ti\ccs1040\ccs\tools\compiler\ti-cgt-arm_20.2.7.LTS\lib\</path>
         <kind>archive</kind>
         <file>rtsv7M4_T_le_eabi.lib</file>
         <name>fd_add_t2.asm.obj</name>
      </input_file>
      <input_file id="fl-f0">
         <path>C:\ti\ccs1040\ccs\tools\compiler\ti-cgt-arm_20.2.7.LTS\lib\</path>
         <kind>archive</kind>
         <file>rtsv7M4_T_le_eabi.lib</file>
         <name>fd_cmp_t2.asm.obj</name>
      </input_file>
      <input_file id="fl-f1">
         <path>C:\ti\ccs1040\ccs\tools\compiler\ti-cgt-arm_20.2.7.LTS\lib\</path>
         <kind>archive</kind>
         <file>rtsv7M4_T_le_eabi.lib</file>
         <name>fd_div_t2.asm.obj</name>
      </input_file>
      <input_file id="fl-f2">
         <path>C:\ti\ccs1040\ccs\tools\compiler\ti-cgt-arm_20.2.7.LTS\lib\</path>
         <kind>archive</kind>
         <file>rtsv7M4_T_le_eabi.lib</file>
         <name>fd_mul_t2.asm.obj</name>
      </input_file>
      <input_file id="fl-f3">
         <path>C:\ti\ccs1040\ccs\tools\compiler\ti-cgt-arm_20.2.7.LTS\lib\</path>
         <kind>archive</kind>
         <file>rtsv7M4_T_le_eabi.lib</file>
         <name>fd_toi_t2.asm.obj</name>
      </input_file>
      <input_file id="fl-f4">
         <path>C:\ti\ccs1040\ccs\tools\compiler\ti-cgt-arm_20.2.7.LTS\lib\</path>
         <kind>archive</kind>
         <file>rtsv7M4_T_le_eabi.lib</file>
         <name>i_tofd_t2.asm.obj</name>
      </input_file>
      <input_file id="fl-f5">
         <path>C:\ti\ccs1040\ccs\tools\compiler\ti-cgt-arm_20.2.7.LTS\lib\</path>
         <kind>archive</kind>
         <file>rtsv7M4_T_le_eabi.lib</file>
         <name>memset_t2.asm.obj</name>
      </input_file>
      <input_file id="fl-f6">
         <path>C:\ti\ccs1040\ccs\tools\compiler\ti-cgt-arm_20.2.7.LTS\lib\</path>
         <kind>archive</kind>
         <file>rtsv7M4_T_le_eabi.lib</file>
         <name>autoinit.c.obj</name>
      </input_file>
      <input_file id="fl-f7">
         <path>C:\ti\ccs1040\ccs\tools\compiler\ti-cgt-arm_20.2.7.LTS\lib\</path>
         <kind>archive</kind>
         <file>rtsv7M4_T_le_eabi.lib</file>
         <name>pre_init.c.obj</name>
      </input_file>
      <input_file id="fl-f8">
         <path>C:\ti\ccs1040\ccs\tools\compiler\ti-cgt-arm_20.2.7.LTS\lib\</path>
         <kind>archive</kind>
         <file>rtsv7M4_T_le_eabi.lib</file>
         <name>cpy_tbl.c.obj</name>
      </input_file>
      <input_file id="fl-f9">
         <path>C:\ti\ccs1040\ccs\tools\compiler\ti-cgt-arm_20.2.7.LTS\lib\</path>
         <kind>archive</kind>
         <file>rtsv7M4_T_le_eabi.lib</file>
         <name>exit.c.obj</name>
      </input_file>
      <input_file id="fl-fa">
         <path>C:\ti\ccs1040\ccs\tools\compiler\ti-cgt-arm_20.2.7.LTS\lib\</path>
         <kind>archive</kind>
         <file>rtsv7M4_T_le_eabi.lib</file>
         <name>_lock.c.obj</name>
      </input_file>
      <input_file id="fl-fb">
         <path>C:\ti\ccs1040\ccs\tools\compiler\ti-cgt-arm_20.2.7.LTS\lib\</path>
         <kind>archive</kind>
         <file>rtsv7M4_T_le_eabi.lib</file>
         <name>_ltoa.c.obj</name>
      </input_file>
      <input_file id="fl-fc">
         <path>C:\ti\ccs1040\ccs\tools\compiler\ti-cgt-arm_20.2.7.LTS\lib\</path>
         <kind>archive</kind>
         <file>rtsv7M4_T_le_eabi.lib</file>
         <name>args_main.c.obj</name>
      </input_file>
      <input_file id="fl-fd">
         <path>C:\ti\ccs1040\ccs\tools\compiler\ti-cgt-arm_20.2.7.LTS\lib\</path>
         <kind>archive</kind>
         <file>rtsv7M4_T_le_eabi.lib</file>
         <name>atoi.c.obj</name>
      </input_file>
      <input_file id="fl-fe">
         <path>C:\ti\ccs1040\ccs\tools\compiler\ti-cgt-arm_20.2.7.LTS\lib\</path>
         <kind>archive</kind>
         <file>rtsv7M4_T_le_eabi.lib</file>
         <name>ctype.c.obj</name>
      </input_file>
      <input_file id="fl-ff">
         <path>C:\ti\ccs1040\ccs\tools\compiler\ti-cgt-arm_20.2.7.LTS\lib\</path>
         <kind>archive</kind>
         <file>rtsv7M4_T_le_eabi.lib</file>
         <name>memccpy.c.obj</name>
      </input_file>
      <input_file id="fl-100">
         <path>C:\ti\ccs1040\ccs\tools\compiler\ti-cgt-arm_20.2.7.LTS\lib\</path>
         <kind>archive</kind>
         <file>rtsv7M4_T_le_eabi.lib</file>
         <name>strchr.c.obj</name>
      </input_file>
      <input_file id="fl-101">
         <path>C:\ti\ccs1040\ccs\tools\compiler\ti-cgt-arm_20.2.7.LTS\lib\</path>
         <kind>archive</kind>
         <file>rtsv7M4_T_le_eabi.lib</file>
         <name>errno.c.obj</name>
      </input_file>
      <input_file id="fl-102">
         <path>C:\ti\ccs1040\ccs\tools\compiler\ti-cgt-arm_20.2.7.LTS\lib\</path>
         <kind>archive</kind>
         <file>rtsv7M4_T_le_eabi.lib</file>
         <name>wcslen.c.obj</name>
      </input_file>
      <input_file id="fl-103">
         <path>C:\ti\ccs1040\ccs\tools\compiler\ti-cgt-arm_20.2.7.LTS\lib\</path>
         <kind>archive</kind>
         <file>rtsv7M4_T_le_eabi.lib</file>
         <name>s_frexp.c.obj</name>
      </input_file>
      <input_file id="fl-104">
         <path>C:\ti\ccs1040\ccs\tools\compiler\ti-cgt-arm_20.2.7.LTS\lib\</path>
         <kind>archive</kind>
         <file>rtsv7M4_T_le_eabi.lib</file>
         <name>s_scalbn.c.obj</name>
      </input_file>
      <input_file id="fl-105">
         <path>C:\ti\ccs1040\ccs\tools\compiler\ti-cgt-arm_20.2.7.LTS\lib\</path>
         <kind>archive</kind>
         <file>rtsv7M4_T_le_eabi.lib</file>
         <name>s_copysign.c.obj</name>
      </input_file>
   </input_file_list>
   <object_component_list>
      <object_component id="oc-39e">
         <name>.text:__TI_printfi</name>
         <load_address>0x2000c040</load_address>
         <run_address>0x2000c040</run_address>
         <size>0xa4e</size>
         <input_file_ref idref="fl-ed"/>
      </object_component>
      <object_component id="oc-1e9">
         <name>.text:Board_initHook</name>
         <load_address>0x2000ca8e</load_address>
         <run_address>0x2000ca8e</run_address>
         <size>0x2</size>
         <input_file_ref idref="fl-3"/>
      </object_component>
      <object_component id="oc-1d7">
         <name>.text:PRCMCC3200MCUInit</name>
         <load_address>0x2000ca90</load_address>
         <run_address>0x2000ca90</run_address>
         <size>0x42c</size>
         <input_file_ref idref="fl-26"/>
      </object_component>
      <object_component id="oc-81d">
         <name>.text:UARTCC32XX_open</name>
         <load_address>0x2000cebc</load_address>
         <run_address>0x2000cebc</run_address>
         <size>0x288</size>
         <input_file_ref idref="fl-17"/>
      </object_component>
      <object_component id="oc-54b">
         <name>.text:_pconv_a</name>
         <load_address>0x2000d144</load_address>
         <run_address>0x2000d144</run_address>
         <size>0x268</size>
         <input_file_ref idref="fl-ed"/>
      </object_component>
      <object_component id="oc-1f7">
         <name>.text:initI2C</name>
         <load_address>0x2000d3ac</load_address>
         <run_address>0x2000d3ac</run_address>
         <size>0x1f0</size>
         <input_file_ref idref="fl-2"/>
      </object_component>
      <object_component id="oc-539">
         <name>.text:_pconv_g</name>
         <load_address>0x2000d59c</load_address>
         <run_address>0x2000d59c</run_address>
         <size>0x1cc</size>
         <input_file_ref idref="fl-ed"/>
      </object_component>
      <object_component id="oc-74d">
         <name>.text</name>
         <load_address>0x2000d768</load_address>
         <run_address>0x2000d768</run_address>
         <size>0x1b6</size>
         <input_file_ref idref="fl-ef"/>
      </object_component>
      <object_component id="oc-323">
         <name>.text:I2C_init</name>
         <load_address>0x2000d91e</load_address>
         <run_address>0x2000d91e</run_address>
         <size>0x2</size>
         <input_file_ref idref="fl-f"/>
      </object_component>
      <object_component id="oc-406">
         <name>.text:PowerCC32XX_sleepPolicy</name>
         <load_address>0x2000d920</load_address>
         <run_address>0x2000d920</run_address>
         <size>0x1a0</size>
         <input_file_ref idref="fl-1e"/>
      </object_component>
      <object_component id="oc-203">
         <name>.text:GPIO_setConfig</name>
         <load_address>0x2000dac0</load_address>
         <run_address>0x2000dac0</run_address>
         <size>0x154</size>
         <input_file_ref idref="fl-12"/>
      </object_component>
      <object_component id="oc-4ae">
         <name>.text:I2CCC32XX_hwiFxn</name>
         <load_address>0x2000dc14</load_address>
         <run_address>0x2000dc14</run_address>
         <size>0x148</size>
         <input_file_ref idref="fl-13"/>
      </object_component>
      <object_component id="oc-7bd">
         <name>.text:parkPins</name>
         <load_address>0x2000dd5c</load_address>
         <run_address>0x2000dd5c</run_address>
         <size>0x148</size>
         <input_file_ref idref="fl-14"/>
      </object_component>
      <object_component id="oc-545">
         <name>.text:_pconv_e</name>
         <load_address>0x2000dea4</load_address>
         <run_address>0x2000dea4</run_address>
         <size>0x13c</size>
         <input_file_ref idref="fl-ed"/>
      </object_component>
      <object_component id="oc-5c3">
         <name>.text:Power_sleep</name>
         <load_address>0x2000dfe0</load_address>
         <run_address>0x2000dfe0</run_address>
         <size>0x138</size>
         <input_file_ref idref="fl-14"/>
      </object_component>
      <object_component id="oc-34b">
         <name>.text:Timer_open</name>
         <load_address>0x2000e118</load_address>
         <run_address>0x2000e118</run_address>
         <size>0x138</size>
         <input_file_ref idref="fl-16"/>
      </object_component>
      <object_component id="oc-733">
         <name>.text</name>
         <load_address>0x2000e250</load_address>
         <run_address>0x2000e250</run_address>
         <size>0x136</size>
         <input_file_ref idref="fl-f1"/>
      </object_component>
      <object_component id="oc-400">
         <name>.text:PowerCC32XX_initPolicy</name>
         <load_address>0x2000e386</load_address>
         <run_address>0x2000e386</run_address>
         <size>0x2</size>
         <input_file_ref idref="fl-1e"/>
      </object_component>
      <object_component id="oc-164">
         <name>.text:mainThread</name>
         <load_address>0x2000e388</load_address>
         <run_address>0x2000e388</run_address>
         <size>0x124</size>
         <input_file_ref idref="fl-2"/>
      </object_component>
      <object_component id="oc-4bc">
         <name>.text:I2C_transferTimeout</name>
         <load_address>0x2000e4ac</load_address>
         <run_address>0x2000e4ac</run_address>
         <size>0x122</size>
         <input_file_ref idref="fl-f"/>
      </object_component>
      <object_component id="oc-6d3">
         <name>.text:SemaphoreP_destruct</name>
         <load_address>0x2000e5ce</load_address>
         <run_address>0x2000e5ce</run_address>
         <size>0x2</size>
         <input_file_ref idref="fl-1b"/>
      </object_component>
      <object_component id="oc-80b">
         <name>.text:UARTCC32XX_close</name>
         <load_address>0x2000e5d0</load_address>
         <run_address>0x2000e5d0</run_address>
         <size>0x120</size>
         <input_file_ref idref="fl-17"/>
      </object_component>
      <object_component id="oc-75f">
         <name>.text:fcvt</name>
         <load_address>0x2000e6f0</load_address>
         <run_address>0x2000e6f0</run_address>
         <size>0x120</size>
         <input_file_ref idref="fl-ed"/>
      </object_component>
      <object_component id="oc-71f">
         <name>.text:aligned_alloc</name>
         <load_address>0x2000e810</load_address>
         <run_address>0x2000e810</run_address>
         <size>0x100</size>
         <input_file_ref idref="fl-ea"/>
      </object_component>
      <object_component id="oc-32f">
         <name>.text:I2C_open</name>
         <load_address>0x2000e910</load_address>
         <run_address>0x2000e910</run_address>
         <size>0xfc</size>
         <input_file_ref idref="fl-13"/>
      </object_component>
      <object_component id="oc-21b">
         <name>.text:readTemp</name>
         <load_address>0x2000ea0c</load_address>
         <run_address>0x2000ea0c</run_address>
         <size>0xfc</size>
         <input_file_ref idref="fl-2"/>
      </object_component>
      <object_component id="oc-72e">
         <name>.text</name>
         <load_address>0x2000eb08</load_address>
         <run_address>0x2000eb08</run_address>
         <size>0xfc</size>
         <input_file_ref idref="fl-f2"/>
      </object_component>
      <object_component id="oc-811">
         <name>.text:UARTCC32XX_control</name>
         <load_address>0x2000ec04</load_address>
         <run_address>0x2000ec04</run_address>
         <size>0xf2</size>
         <input_file_ref idref="fl-17"/>
      </object_component>
      <object_component id="oc-33f">
         <name>.text:Timer_init</name>
         <load_address>0x2000ecf6</load_address>
         <run_address>0x2000ecf6</run_address>
         <size>0x2</size>
         <input_file_ref idref="fl-10"/>
      </object_component>
      <object_component id="oc-422">
         <name>.text:free</name>
         <load_address>0x2000ecf8</load_address>
         <run_address>0x2000ecf8</run_address>
         <size>0xe4</size>
         <input_file_ref idref="fl-ea"/>
      </object_component>
      <object_component id="oc-773">
         <name>.text:scalbn</name>
         <load_address>0x2000eddc</load_address>
         <run_address>0x2000eddc</run_address>
         <size>0xd0</size>
         <input_file_ref idref="fl-104"/>
      </object_component>
      <object_component id="oc-835">
         <name>.text:UARTCC32XX_write</name>
         <load_address>0x2000eeac</load_address>
         <run_address>0x2000eeac</run_address>
         <size>0xca</size>
         <input_file_ref idref="fl-17"/>
      </object_component>
      <object_component id="oc-817">
         <name>.text:UARTCC32XX_init</name>
         <load_address>0x2000ef76</load_address>
         <run_address>0x2000ef76</run_address>
         <size>0x2</size>
         <input_file_ref idref="fl-17"/>
      </object_component>
      <object_component id="oc-7da">
         <name>.text:restoreParkedPins</name>
         <load_address>0x2000ef78</load_address>
         <run_address>0x2000ef78</run_address>
         <size>0xc0</size>
         <input_file_ref idref="fl-14"/>
      </object_component>
      <object_component id="oc-829">
         <name>.text:UARTCC32XX_readPolling</name>
         <load_address>0x2000f038</load_address>
         <run_address>0x2000f038</run_address>
         <size>0xba</size>
         <input_file_ref idref="fl-17"/>
      </object_component>
      <object_component id="oc-3cd">
         <name>.text:_nop</name>
         <load_address>0x2000f0f2</load_address>
         <run_address>0x2000f0f2</run_address>
         <size>0x2</size>
         <input_file_ref idref="fl-fa"/>
      </object_component>
      <object_component id="oc-99b">
         <name>.text:initHw</name>
         <load_address>0x2000f0f4</load_address>
         <run_address>0x2000f0f4</run_address>
         <size>0xb8</size>
         <input_file_ref idref="fl-17"/>
      </object_component>
      <object_component id="oc-a45">
         <name>.text:readTaskCallback</name>
         <load_address>0x2000f1ac</load_address>
         <run_address>0x2000f1ac</run_address>
         <size>0xb6</size>
         <input_file_ref idref="fl-17"/>
      </object_component>
      <object_component id="oc-67e">
         <name>.text:I2CCC32XX_completeTransfer</name>
         <load_address>0x2000f262</load_address>
         <run_address>0x2000f262</run_address>
         <size>0xb2</size>
         <input_file_ref idref="fl-13"/>
      </object_component>
      <object_component id="oc-52e">
         <name>.text:_ltostr</name>
         <load_address>0x2000f314</load_address>
         <run_address>0x2000f314</run_address>
         <size>0xb1</size>
         <input_file_ref idref="fl-ed"/>
      </object_component>
      <object_component id="oc-a33">
         <name>.text:readTaskBlocking</name>
         <load_address>0x2000f3c6</load_address>
         <run_address>0x2000f3c6</run_address>
         <size>0xb0</size>
         <input_file_ref idref="fl-17"/>
      </object_component>
      <object_component id="oc-a39">
         <name>.text:readIsrTextBlocking</name>
         <load_address>0x2000f476</load_address>
         <run_address>0x2000f476</run_address>
         <size>0xae</size>
         <input_file_ref idref="fl-17"/>
      </object_component>
      <object_component id="oc-66c">
         <name>.text:I2CCC32XX_primeWriteBurst</name>
         <load_address>0x2000f524</load_address>
         <run_address>0x2000f524</run_address>
         <size>0xa8</size>
         <input_file_ref idref="fl-13"/>
      </object_component>
      <object_component id="oc-b5">
         <name>.text:IntEnable</name>
         <load_address>0x2000f5cc</load_address>
         <run_address>0x2000f5cc</run_address>
         <size>0xa8</size>
         <input_file_ref idref="fl-24"/>
      </object_component>
      <object_component id="oc-2c4">
         <name>.text:PowerCC32XX_configureWakeup</name>
         <load_address>0x2000f674</load_address>
         <run_address>0x2000f674</run_address>
         <size>0xa8</size>
         <input_file_ref idref="fl-14"/>
      </object_component>
      <object_component id="oc-a4b">
         <name>.text:readIsrTextCallback</name>
         <load_address>0x2000f71c</load_address>
         <run_address>0x2000f71c</run_address>
         <size>0xa2</size>
         <input_file_ref idref="fl-17"/>
      </object_component>
      <object_component id="oc-9d2">
         <name>.text:writeData</name>
         <load_address>0x2000f7be</load_address>
         <run_address>0x2000f7be</run_address>
         <size>0xa2</size>
         <input_file_ref idref="fl-17"/>
      </object_component>
      <object_component id="oc-2e9">
         <name>.text:SemaphoreP_pend</name>
         <load_address>0x2000f860</load_address>
         <run_address>0x2000f860</run_address>
         <size>0xa0</size>
         <input_file_ref idref="fl-1b"/>
      </object_component>
      <object_component id="oc-49c">
         <name>.text:I2CCC32XX_initHw</name>
         <load_address>0x2000f900</load_address>
         <run_address>0x2000f900</run_address>
         <size>0x9c</size>
         <input_file_ref idref="fl-13"/>
      </object_component>
      <object_component id="oc-3b">
         <name>.text</name>
         <load_address>0x2000f99c</load_address>
         <run_address>0x2000f99c</run_address>
         <size>0x9c</size>
         <input_file_ref idref="fl-e5"/>
      </object_component>
      <object_component id="oc-5be">
         <name>.text</name>
         <load_address>0x2000fa38</load_address>
         <run_address>0x2000fa38</run_address>
         <size>0x96</size>
         <input_file_ref idref="fl-e6"/>
      </object_component>
      <object_component id="oc-73">
         <name>.text:busFaultHandler</name>
         <load_address>0x2000face</load_address>
         <run_address>0x2000face</run_address>
         <size>0x2</size>
         <input_file_ref idref="fl-1f"/>
      </object_component>
      <object_component id="oc-1e3">
         <name>.text:GPIO_init</name>
         <load_address>0x2000fad0</load_address>
         <run_address>0x2000fad0</run_address>
         <size>0x90</size>
         <input_file_ref idref="fl-12"/>
      </object_component>
      <object_component id="oc-7ce">
         <name>.text:restoreNVICRegs</name>
         <load_address>0x2000fb60</load_address>
         <run_address>0x2000fb60</run_address>
         <size>0x90</size>
         <input_file_ref idref="fl-14"/>
      </object_component>
      <object_component id="oc-490">
         <name>.text:HwiP_construct</name>
         <load_address>0x2000fbf0</load_address>
         <run_address>0x2000fbf0</run_address>
         <size>0x8c</size>
         <input_file_ref idref="fl-1d"/>
      </object_component>
      <object_component id="oc-956">
         <name>.text:IntPendSet</name>
         <load_address>0x2000fc7c</load_address>
         <run_address>0x2000fc7c</run_address>
         <size>0x88</size>
         <input_file_ref idref="fl-24"/>
      </object_component>
      <object_component id="oc-35e">
         <name>.text:PinConfigSet</name>
         <load_address>0x2000fd04</load_address>
         <run_address>0x2000fd04</run_address>
         <size>0x88</size>
         <input_file_ref idref="fl-25"/>
      </object_component>
      <object_component id="oc-534">
         <name>.text:__aeabi_cdcmple</name>
         <load_address>0x2000fd8c</load_address>
         <run_address>0x2000fd8c</run_address>
         <size>0x86</size>
         <input_file_ref idref="fl-f0"/>
      </object_component>
      <object_component id="oc-738">
         <name>.text:__aeabi_cdrcmple</name>
         <load_address>0x2000fe12</load_address>
         <run_address>0x2000fe12</run_address>
         <size>0x86</size>
         <input_file_ref idref="fl-f0"/>
      </object_component>
      <object_component id="oc-1dd">
         <name>.text:Power_init</name>
         <load_address>0x2000fe98</load_address>
         <run_address>0x2000fe98</run_address>
         <size>0x84</size>
         <input_file_ref idref="fl-14"/>
      </object_component>
      <object_component id="oc-7c3">
         <name>.text:saveNVICRegs</name>
         <load_address>0x2000ff1c</load_address>
         <run_address>0x2000ff1c</run_address>
         <size>0x84</size>
         <input_file_ref idref="fl-14"/>
      </object_component>
      <object_component id="oc-209">
         <name>.text:GPIO_write</name>
         <load_address>0x2000ffa0</load_address>
         <run_address>0x2000ffa0</run_address>
         <size>0x80</size>
         <input_file_ref idref="fl-12"/>
      </object_component>
      <object_component id="oc-364">
         <name>.text:Power_setDependency</name>
         <load_address>0x20010020</load_address>
         <run_address>0x20010020</run_address>
         <size>0x80</size>
         <input_file_ref idref="fl-14"/>
      </object_component>
      <object_component id="oc-a2d">
         <name>.text:readIsrBinaryBlocking</name>
         <load_address>0x200100a0</load_address>
         <run_address>0x200100a0</run_address>
         <size>0x7c</size>
         <input_file_ref idref="fl-17"/>
      </object_component>
      <object_component id="oc-666">
         <name>.text:I2CCC32XX_primeReadBurst</name>
         <load_address>0x2001011c</load_address>
         <run_address>0x2001011c</run_address>
         <size>0x7a</size>
         <input_file_ref idref="fl-13"/>
      </object_component>
      <object_component id="oc-393">
         <name>.text</name>
         <load_address>0x20010196</load_address>
         <run_address>0x20010196</run_address>
         <size>0x7a</size>
         <input_file_ref idref="fl-e1"/>
      </object_component>
      <object_component id="oc-9d">
         <name>.text</name>
         <load_address>0x20010210</load_address>
         <run_address>0x20010210</run_address>
         <size>0x7a</size>
         <input_file_ref idref="fl-f5"/>
      </object_component>
      <object_component id="oc-a3f">
         <name>.text:readIsrBinaryCallback</name>
         <load_address>0x2001028a</load_address>
         <run_address>0x2001028a</run_address>
         <size>0x78</size>
         <input_file_ref idref="fl-17"/>
      </object_component>
      <object_component id="oc-9aa">
         <name>.text:UARTCC32XX_hwiIntFxn</name>
         <load_address>0x20010302</load_address>
         <run_address>0x20010302</run_address>
         <size>0x74</size>
         <input_file_ref idref="fl-17"/>
      </object_component>
      <object_component id="oc-447">
         <name>.text:clkFxn</name>
         <load_address>0x20010376</load_address>
         <run_address>0x20010376</run_address>
         <size>0x2</size>
         <input_file_ref idref="fl-1b"/>
      </object_component>
      <object_component id="oc-308">
         <name>.text:powerNotifyFxn</name>
         <load_address>0x20010378</load_address>
         <run_address>0x20010378</run_address>
         <size>0x74</size>
         <input_file_ref idref="fl-12"/>
      </object_component>
      <object_component id="oc-8cf">
         <name>.text:split</name>
         <load_address>0x200103ec</load_address>
         <run_address>0x200103ec</run_address>
         <size>0x70</size>
         <input_file_ref idref="fl-ea"/>
      </object_component>
      <object_component id="oc-758">
         <name>.text:_mcpy</name>
         <load_address>0x2001045c</load_address>
         <run_address>0x2001045c</run_address>
         <size>0x6e</size>
         <input_file_ref idref="fl-ed"/>
      </object_component>
      <object_component id="oc-699">
         <name>.text:I2CSupport_primeTransfer</name>
         <load_address>0x200104ca</load_address>
         <run_address>0x200104ca</run_address>
         <size>0x6a</size>
         <input_file_ref idref="fl-13"/>
      </object_component>
      <object_component id="oc-14">
         <name>.text:decompress:lzss:__TI_decompress_lzss</name>
         <load_address>0x20010534</load_address>
         <run_address>0x20010534</run_address>
         <size>0x68</size>
         <input_file_ref idref="fl-e9"/>
      </object_component>
      <object_component id="oc-841">
         <name>.text:UARTCC32XX_writeCancel</name>
         <load_address>0x2001059c</load_address>
         <run_address>0x2001059c</run_address>
         <size>0x66</size>
         <input_file_ref idref="fl-17"/>
      </object_component>
      <object_component id="oc-6d">
         <name>.text:defaultHandler</name>
         <load_address>0x20010602</load_address>
         <run_address>0x20010602</run_address>
         <size>0x2</size>
         <input_file_ref idref="fl-1f"/>
      </object_component>
      <object_component id="oc-376">
         <name>.text:GPIO_setInterruptConfig</name>
         <load_address>0x20010604</load_address>
         <run_address>0x20010604</run_address>
         <size>0x64</size>
         <input_file_ref idref="fl-12"/>
      </object_component>
      <object_component id="oc-472">
         <name>.text:PowerCC32XX_setParkState</name>
         <load_address>0x20010668</load_address>
         <run_address>0x20010668</run_address>
         <size>0x64</size>
         <input_file_ref idref="fl-14"/>
      </object_component>
      <object_component id="oc-83b">
         <name>.text:UARTCC32XX_writePolling</name>
         <load_address>0x200106cc</load_address>
         <run_address>0x200106cc</run_address>
         <size>0x62</size>
         <input_file_ref idref="fl-17"/>
      </object_component>
      <object_component id="oc-67">
         <name>.text:faultISR</name>
         <load_address>0x2001072e</load_address>
         <run_address>0x2001072e</run_address>
         <size>0x2</size>
         <input_file_ref idref="fl-1f"/>
      </object_component>
      <object_component id="oc-37f">
         <name>.text:GPIO_hwiIntFxn</name>
         <load_address>0x20010730</load_address>
         <run_address>0x20010730</run_address>
         <size>0x60</size>
         <input_file_ref idref="fl-12"/>
      </object_component>
      <object_component id="oc-292">
         <name>.text:PRCMSysResetCauseGet</name>
         <load_address>0x20010790</load_address>
         <run_address>0x20010790</run_address>
         <size>0x60</size>
         <input_file_ref idref="fl-26"/>
      </object_component>
      <object_component id="oc-76d">
         <name>.text:frexp</name>
         <load_address>0x200107f0</load_address>
         <run_address>0x200107f0</run_address>
         <size>0x5c</size>
         <input_file_ref idref="fl-103"/>
      </object_component>
      <object_component id="oc-916">
         <name>.text:sysTickInit</name>
         <load_address>0x2001084c</load_address>
         <run_address>0x2001084c</run_address>
         <size>0x5c</size>
         <input_file_ref idref="fl-1c"/>
      </object_component>
      <object_component id="oc-2ab">
         <name>.text:PRCMPeripheralReset</name>
         <load_address>0x200108a8</load_address>
         <run_address>0x200108a8</run_address>
         <size>0x58</size>
         <input_file_ref idref="fl-26"/>
      </object_component>
      <object_component id="oc-8be">
         <name>.text:Power_releaseDependency</name>
         <load_address>0x20010900</load_address>
         <run_address>0x20010900</run_address>
         <size>0x58</size>
         <input_file_ref idref="fl-14"/>
      </object_component>
      <object_component id="oc-53f">
         <name>.text:_pconv_f</name>
         <load_address>0x20010958</load_address>
         <run_address>0x20010958</run_address>
         <size>0x56</size>
         <input_file_ref idref="fl-ed"/>
      </object_component>
      <object_component id="oc-742">
         <name>.text:__TI_ltoa</name>
         <load_address>0x200109ae</load_address>
         <run_address>0x200109ae</run_address>
         <size>0x54</size>
         <input_file_ref idref="fl-fb"/>
      </object_component>
      <object_component id="oc-a88">
         <name>.text:ringBufGet</name>
         <load_address>0x20010a02</load_address>
         <run_address>0x20010a02</run_address>
         <size>0x54</size>
         <input_file_ref idref="fl-17"/>
      </object_component>
      <object_component id="oc-933">
         <name>.text:PowerCC32XX_resumeLPDS</name>
         <load_address>0x20010a56</load_address>
         <run_address>0x20010a56</run_address>
         <size>0x52</size>
         <input_file_ref idref="fl-15"/>
      </object_component>
      <object_component id="oc-752">
         <name>.text:_ecpy</name>
         <load_address>0x20010aa8</load_address>
         <run_address>0x20010aa8</run_address>
         <size>0x52</size>
         <input_file_ref idref="fl-ed"/>
      </object_component>
      <object_component id="oc-4e4">
         <name>.text:initHw</name>
         <load_address>0x20010afa</load_address>
         <run_address>0x20010afa</run_address>
         <size>0x52</size>
         <input_file_ref idref="fl-16"/>
      </object_component>
      <object_component id="oc-79">
         <name>.text:ClockP_sysTickHandler</name>
         <load_address>0x20010b4c</load_address>
         <run_address>0x20010b4c</run_address>
         <size>0x50</size>
         <input_file_ref idref="fl-1c"/>
      </object_component>
      <object_component id="oc-5ea">
         <name>.text:SemaphoreP_construct</name>
         <load_address>0x20010b9c</load_address>
         <run_address>0x20010b9c</run_address>
         <size>0x50</size>
         <input_file_ref idref="fl-1b"/>
      </object_component>
      <object_component id="oc-4cc">
         <name>.text:TimerCC32XX_allocateTimerResource</name>
         <load_address>0x20010bec</load_address>
         <run_address>0x20010bec</run_address>
         <size>0x50</size>
         <input_file_ref idref="fl-16"/>
      </object_component>
      <object_component id="oc-65a">
         <name>.text:I2CCC32XX_readRecieveFifo</name>
         <load_address>0x20010c3c</load_address>
         <run_address>0x20010c3c</run_address>
         <size>0x4c</size>
         <input_file_ref idref="fl-13"/>
      </object_component>
      <object_component id="oc-92a">
         <name>.text:PowerCC32XX_parkPin</name>
         <load_address>0x20010c88</load_address>
         <run_address>0x20010c88</run_address>
         <size>0x4c</size>
         <input_file_ref idref="fl-14"/>
      </object_component>
      <object_component id="oc-528">
         <name>.text:atoi</name>
         <load_address>0x20010cd4</load_address>
         <run_address>0x20010cd4</run_address>
         <size>0x4c</size>
         <input_file_ref idref="fl-fd"/>
      </object_component>
      <object_component id="oc-7d4">
         <name>.text:restorePeriphClocks</name>
         <load_address>0x20010d20</load_address>
         <run_address>0x20010d20</run_address>
         <size>0x4c</size>
         <input_file_ref idref="fl-14"/>
      </object_component>
      <object_component id="oc-221">
         <name>.text:snprintf</name>
         <load_address>0x20010d6c</load_address>
         <run_address>0x20010d6c</run_address>
         <size>0x4c</size>
         <input_file_ref idref="fl-e0"/>
      </object_component>
      <object_component id="oc-94e">
         <name>.text:FlashDisable</name>
         <load_address>0x20010db8</load_address>
         <run_address>0x20010db8</run_address>
         <size>0x48</size>
         <input_file_ref idref="fl-2a"/>
      </object_component>
      <object_component id="oc-510">
         <name>.text:GPIO_disableInt</name>
         <load_address>0x20010e00</load_address>
         <run_address>0x20010e00</run_address>
         <size>0x48</size>
         <input_file_ref idref="fl-12"/>
      </object_component>
      <object_component id="oc-215">
         <name>.text:GPIO_enableInt</name>
         <load_address>0x20010e48</load_address>
         <run_address>0x20010e48</run_address>
         <size>0x48</size>
         <input_file_ref idref="fl-12"/>
      </object_component>
      <object_component id="oc-7e0">
         <name>.text:PRCMLPDSEnter</name>
         <load_address>0x20010e90</load_address>
         <run_address>0x20010e90</run_address>
         <size>0x48</size>
         <input_file_ref idref="fl-26"/>
      </object_component>
      <object_component id="oc-2a5">
         <name>.text:PRCMPeripheralClkEnable</name>
         <load_address>0x20010ed8</load_address>
         <run_address>0x20010ed8</run_address>
         <size>0x48</size>
         <input_file_ref idref="fl-26"/>
      </object_component>
      <object_component id="oc-87c">
         <name>.text:Power_releaseConstraint</name>
         <load_address>0x20010f20</load_address>
         <run_address>0x20010f20</run_address>
         <size>0x48</size>
         <input_file_ref idref="fl-14"/>
      </object_component>
      <object_component id="oc-1fd">
         <name>.text:initTimer</name>
         <load_address>0x20010f68</load_address>
         <run_address>0x20010f68</run_address>
         <size>0x48</size>
         <input_file_ref idref="fl-2"/>
      </object_component>
      <object_component id="oc-73d">
         <name>.text</name>
         <load_address>0x20010fb0</load_address>
         <run_address>0x20010fb0</run_address>
         <size>0x48</size>
         <input_file_ref idref="fl-f3"/>
      </object_component>
      <object_component id="oc-a75">
         <name>.text:RingBuf_put</name>
         <load_address>0x20010ff8</load_address>
         <run_address>0x20010ff8</run_address>
         <size>0x46</size>
         <input_file_ref idref="fl-19"/>
      </object_component>
      <object_component id="oc-4de">
         <name>.text:getPrescaler</name>
         <load_address>0x2001103e</load_address>
         <run_address>0x2001103e</run_address>
         <size>0x46</size>
         <input_file_ref idref="fl-16"/>
      </object_component>
      <object_component id="oc-612">
         <name>.text:ClockP_stop</name>
         <load_address>0x20011084</load_address>
         <run_address>0x20011084</run_address>
         <size>0x44</size>
         <input_file_ref idref="fl-1c"/>
      </object_component>
      <object_component id="oc-938">
         <name>.text:PRCMLPDSRestoreInfoSet</name>
         <load_address>0x200110c8</load_address>
         <run_address>0x200110c8</run_address>
         <size>0x44</size>
         <input_file_ref idref="fl-26"/>
      </object_component>
      <object_component id="oc-7c9">
         <name>.text:PowerCC32XX_enterLPDS</name>
         <load_address>0x2001110c</load_address>
         <run_address>0x2001110c</run_address>
         <size>0x44</size>
         <input_file_ref idref="fl-15"/>
      </object_component>
      <object_component id="oc-2f5">
         <name>.text:SemaphoreP_post</name>
         <load_address>0x20011150</load_address>
         <run_address>0x20011150</run_address>
         <size>0x44</size>
         <input_file_ref idref="fl-1b"/>
      </object_component>
      <object_component id="oc-5da">
         <name>.text:SwiP_restore</name>
         <load_address>0x20011194</load_address>
         <run_address>0x20011194</run_address>
         <size>0x44</size>
         <input_file_ref idref="fl-20"/>
      </object_component>
      <object_component id="oc-351">
         <name>.text:Timer_start</name>
         <load_address>0x200111d8</load_address>
         <run_address>0x200111d8</run_address>
         <size>0x44</size>
         <input_file_ref idref="fl-10"/>
      </object_component>
      <object_component id="oc-310">
         <name>.text:UART_init</name>
         <load_address>0x2001121c</load_address>
         <run_address>0x2001121c</run_address>
         <size>0x44</size>
         <input_file_ref idref="fl-11"/>
      </object_component>
      <object_component id="oc-177">
         <name>.text:__TI_auto_init_nobinit_nopinit:__TI_auto_init_nobinit_nopinit</name>
         <load_address>0x20011260</load_address>
         <run_address>0x20011260</run_address>
         <size>0x44</size>
         <input_file_ref idref="fl-f6"/>
      </object_component>
      <object_component id="oc-a1c">
         <name>.text:ClockP_construct</name>
         <load_address>0x200112a4</load_address>
         <run_address>0x200112a4</run_address>
         <size>0x40</size>
         <input_file_ref idref="fl-1c"/>
      </object_component>
      <object_component id="oc-2bd">
         <name>.text:PinModeSet</name>
         <load_address>0x200112e4</load_address>
         <run_address>0x200112e4</run_address>
         <size>0x40</size>
         <input_file_ref idref="fl-25"/>
      </object_component>
      <object_component id="oc-9c4">
         <name>.text:RingBuf_get</name>
         <load_address>0x20011324</load_address>
         <run_address>0x20011324</run_address>
         <size>0x40</size>
         <input_file_ref idref="fl-19"/>
      </object_component>
      <object_component id="oc-4fe">
         <name>.text:TimerSupport_timerEnable</name>
         <load_address>0x20011364</load_address>
         <run_address>0x20011364</run_address>
         <size>0x40</size>
         <input_file_ref idref="fl-16"/>
      </object_component>
      <object_component id="oc-4d8">
         <name>.text:Timer_close</name>
         <load_address>0x200113a4</load_address>
         <run_address>0x200113a4</run_address>
         <size>0x40</size>
         <input_file_ref idref="fl-16"/>
      </object_component>
      <object_component id="oc-823">
         <name>.text:UARTCC32XX_read</name>
         <load_address>0x200113e4</load_address>
         <run_address>0x200113e4</run_address>
         <size>0x40</size>
         <input_file_ref idref="fl-17"/>
      </object_component>
      <object_component id="oc-31c">
         <name>.text:UART_open</name>
         <load_address>0x20011424</load_address>
         <run_address>0x20011424</run_address>
         <size>0x40</size>
         <input_file_ref idref="fl-11"/>
      </object_component>
      <object_component id="oc-765">
         <name>.text:_fcpy</name>
         <load_address>0x20011464</load_address>
         <run_address>0x20011464</run_address>
         <size>0x3e</size>
         <input_file_ref idref="fl-ed"/>
      </object_component>
      <object_component id="oc-61">
         <name>.text:nmiISR</name>
         <load_address>0x200114a2</load_address>
         <run_address>0x200114a2</run_address>
         <size>0x2</size>
         <input_file_ref idref="fl-1f"/>
      </object_component>
      <object_component id="oc-441">
         <name>.text:ClockP_destruct</name>
         <load_address>0x200114a4</load_address>
         <run_address>0x200114a4</run_address>
         <size>0x3c</size>
         <input_file_ref idref="fl-1c"/>
      </object_component>
      <object_component id="oc-712">
         <name>.text:Power_setConstraint</name>
         <load_address>0x200114e0</load_address>
         <run_address>0x200114e0</run_address>
         <size>0x3c</size>
         <input_file_ref idref="fl-14"/>
      </object_component>
      <object_component id="oc-1f1">
         <name>.text:initUART</name>
         <load_address>0x2001151c</load_address>
         <run_address>0x2001151c</run_address>
         <size>0x3c</size>
         <input_file_ref idref="fl-2"/>
      </object_component>
      <object_component id="oc-5b8">
         <name>.text:getCountsRTC</name>
         <load_address>0x20011558</load_address>
         <run_address>0x20011558</run_address>
         <size>0x3a</size>
         <input_file_ref idref="fl-1e"/>
      </object_component>
      <object_component id="oc-7b1">
         <name>.text</name>
         <load_address>0x20011592</load_address>
         <run_address>0x20011592</run_address>
         <size>0x2</size>
         <input_file_ref idref="fl-ee"/>
      </object_component>
      <object_component id="oc-7e6">
         <name>.text:PRCMLPDSEnterKeepDebugIf</name>
         <load_address>0x20011594</load_address>
         <run_address>0x20011594</run_address>
         <size>0x38</size>
         <input_file_ref idref="fl-26"/>
      </object_component>
      <object_component id="oc-db">
         <name>.text:addToList</name>
         <load_address>0x200115cc</load_address>
         <run_address>0x200115cc</run_address>
         <size>0x38</size>
         <input_file_ref idref="fl-1c"/>
      </object_component>
      <object_component id="oc-59">
         <name>.text:initVectors</name>
         <load_address>0x20011604</load_address>
         <run_address>0x20011604</run_address>
         <size>0x38</size>
         <input_file_ref idref="fl-1f"/>
      </object_component>
      <object_component id="oc-7b7">
         <name>.text:notify</name>
         <load_address>0x2001163c</load_address>
         <run_address>0x2001163c</run_address>
         <size>0x38</size>
         <input_file_ref idref="fl-14"/>
      </object_component>
      <object_component id="oc-398">
         <name>.text</name>
         <load_address>0x20011674</load_address>
         <run_address>0x20011674</run_address>
         <size>0x38</size>
         <input_file_ref idref="fl-e2"/>
      </object_component>
      <object_component id="oc-38e">
         <name>.text</name>
         <load_address>0x200116ac</load_address>
         <run_address>0x200116ac</run_address>
         <size>0x38</size>
         <input_file_ref idref="fl-e3"/>
      </object_component>
      <object_component id="oc-6f3">
         <name>.text:TimerControlStall</name>
         <load_address>0x200116e4</load_address>
         <run_address>0x200116e4</run_address>
         <size>0x36</size>
         <input_file_ref idref="fl-27"/>
      </object_component>
      <object_component id="oc-6c1">
         <name>.text:Timer_stop</name>
         <load_address>0x2001171a</load_address>
         <run_address>0x2001171a</run_address>
         <size>0x36</size>
         <input_file_ref idref="fl-10"/>
      </object_component>
      <object_component id="oc-82f">
         <name>.text:UARTCC32XX_readCancel</name>
         <load_address>0x20011750</load_address>
         <run_address>0x20011750</run_address>
         <size>0x36</size>
         <input_file_ref idref="fl-17"/>
      </object_component>
      <object_component id="oc-5a6">
         <name>.text:ClockP_getTicksUntilInterrupt</name>
         <load_address>0x20011788</load_address>
         <run_address>0x20011788</run_address>
         <size>0x34</size>
         <input_file_ref idref="fl-1c"/>
      </object_component>
      <object_component id="oc-7a8">
         <name>.text:ClockP_startup</name>
         <load_address>0x200117bc</load_address>
         <run_address>0x200117bc</run_address>
         <size>0x34</size>
         <input_file_ref idref="fl-1c"/>
      </object_component>
      <object_component id="oc-2b7">
         <name>.text:PinModeGet</name>
         <load_address>0x200117f0</load_address>
         <run_address>0x200117f0</run_address>
         <size>0x34</size>
         <input_file_ref idref="fl-25"/>
      </object_component>
      <object_component id="oc-968">
         <name>.text:PowerCC32XX_restoreParkState</name>
         <load_address>0x20011824</load_address>
         <run_address>0x20011824</run_address>
         <size>0x34</size>
         <input_file_ref idref="fl-14"/>
      </object_component>
      <object_component id="oc-6d9">
         <name>.text:TimerCC32XX_freeTimerResource</name>
         <load_address>0x20011858</load_address>
         <run_address>0x20011858</run_address>
         <size>0x34</size>
         <input_file_ref idref="fl-16"/>
      </object_component>
      <object_component id="oc-4f6">
         <name>.text:TimerCC32XX_hwiIntFunction</name>
         <load_address>0x2001188c</load_address>
         <run_address>0x2001188c</run_address>
         <size>0x34</size>
         <input_file_ref idref="fl-16"/>
      </object_component>
      <object_component id="oc-6b6">
         <name>.text:getPowerMgrId</name>
         <load_address>0x200118c0</load_address>
         <run_address>0x200118c0</run_address>
         <size>0x34</size>
         <input_file_ref idref="fl-16"/>
      </object_component>
      <object_component id="oc-42f">
         <name>.text:ClockP_start</name>
         <load_address>0x200118f4</load_address>
         <run_address>0x200118f4</run_address>
         <size>0x30</size>
         <input_file_ref idref="fl-1c"/>
      </object_component>
      <object_component id="oc-947">
         <name>.text:PowerCC32XX_restoreParkedPin</name>
         <load_address>0x20011924</load_address>
         <run_address>0x20011924</run_address>
         <size>0x30</size>
         <input_file_ref idref="fl-14"/>
      </object_component>
      <object_component id="oc-3a4">
         <name>.text:_outs</name>
         <load_address>0x20011954</load_address>
         <run_address>0x20011954</run_address>
         <size>0x30</size>
         <input_file_ref idref="fl-e0"/>
      </object_component>
      <object_component id="oc-748">
         <name>.text</name>
         <load_address>0x20011984</load_address>
         <run_address>0x20011984</run_address>
         <size>0x2e</size>
         <input_file_ref idref="fl-f4"/>
      </object_component>
      <object_component id="oc-989">
         <name>.text:PowerCC32XX_getParkState</name>
         <load_address>0x200119b4</load_address>
         <run_address>0x200119b4</run_address>
         <size>0x2c</size>
         <input_file_ref idref="fl-14"/>
      </object_component>
      <object_component id="oc-370">
         <name>.text:HwiP_create</name>
         <load_address>0x200119e0</load_address>
         <run_address>0x200119e0</run_address>
         <size>0x2a</size>
         <input_file_ref idref="fl-1d"/>
      </object_component>
      <object_component id="oc-6ed">
         <name>.text:TimerLoadSet</name>
         <load_address>0x20011a0a</load_address>
         <run_address>0x20011a0a</run_address>
         <size>0x2a</size>
         <input_file_ref idref="fl-27"/>
      </object_component>
      <object_component id="oc-6e7">
         <name>.text:TimerPrescaleSet</name>
         <load_address>0x20011a34</load_address>
         <run_address>0x20011a34</run_address>
         <size>0x2a</size>
         <input_file_ref idref="fl-27"/>
      </object_component>
      <object_component id="oc-672">
         <name>.text:I2CFIFODataPutNonBlocking</name>
         <load_address>0x20011a5e</load_address>
         <run_address>0x20011a5e</run_address>
         <size>0x28</size>
         <input_file_ref idref="fl-23"/>
      </object_component>
      <object_component id="oc-2b1">
         <name>.text:PRCMPeripheralClkDisable</name>
         <load_address>0x20011a88</load_address>
         <run_address>0x20011a88</run_address>
         <size>0x28</size>
         <input_file_ref idref="fl-26"/>
      </object_component>
      <object_component id="oc-2ef">
         <name>.text:Power_registerNotify</name>
         <load_address>0x20011ab0</load_address>
         <run_address>0x20011ab0</run_address>
         <size>0x28</size>
         <input_file_ref idref="fl-14"/>
      </object_component>
      <object_component id="oc-60a">
         <name>.text:free_list_insert</name>
         <load_address>0x20011ad8</load_address>
         <run_address>0x20011ad8</run_address>
         <size>0x28</size>
         <input_file_ref idref="fl-ea"/>
      </object_component>
      <object_component id="oc-858">
         <name>.text:I2CFIFODataGetNonBlocking</name>
         <load_address>0x20011b00</load_address>
         <run_address>0x20011b00</run_address>
         <size>0x26</size>
         <input_file_ref idref="fl-23"/>
      </object_component>
      <object_component id="oc-6a5">
         <name>.text:I2C_cancel</name>
         <load_address>0x20011b26</load_address>
         <run_address>0x20011b26</run_address>
         <size>0x26</size>
         <input_file_ref idref="fl-f"/>
      </object_component>
      <object_component id="oc-451">
         <name>.text:List_put</name>
         <load_address>0x20011b4c</load_address>
         <run_address>0x20011b4c</run_address>
         <size>0x26</size>
         <input_file_ref idref="fl-18"/>
      </object_component>
      <object_component id="oc-8af">
         <name>.text:List_remove</name>
         <load_address>0x20011b72</load_address>
         <run_address>0x20011b72</run_address>
         <size>0x26</size>
         <input_file_ref idref="fl-18"/>
      </object_component>
      <object_component id="oc-639">
         <name>.text:HwiP_dispatch</name>
         <load_address>0x20011b98</load_address>
         <run_address>0x20011b98</run_address>
         <size>0x24</size>
         <input_file_ref idref="fl-1d"/>
      </object_component>
      <object_component id="oc-983">
         <name>.text:PowerCC32XX_reset</name>
         <load_address>0x20011bbc</load_address>
         <run_address>0x20011bbc</run_address>
         <size>0x24</size>
         <input_file_ref idref="fl-14"/>
      </object_component>
      <object_component id="oc-8a8">
         <name>.text:TimerSupport_timerDisable</name>
         <load_address>0x20011be0</load_address>
         <run_address>0x20011be0</run_address>
         <size>0x24</size>
         <input_file_ref idref="fl-16"/>
      </object_component>
      <object_component id="oc-c5">
         <name>.text:_c_int00_noargs:_c_int00_noargs</name>
         <load_address>0x20011c04</load_address>
         <run_address>0x20011c04</run_address>
         <size>0x24</size>
         <input_file_ref idref="fl-ec"/>
      </object_component>
      <object_component id="oc-860">
         <name>.text:I2CMasterSlaveAddrSet</name>
         <load_address>0x20011c28</load_address>
         <run_address>0x20011c28</run_address>
         <size>0x22</size>
         <input_file_ref idref="fl-23"/>
      </object_component>
      <object_component id="oc-8b6">
         <name>.text:HwiP_destruct</name>
         <load_address>0x20011c4a</load_address>
         <run_address>0x20011c4a</run_address>
         <size>0x20</size>
         <input_file_ref idref="fl-1d"/>
      </object_component>
      <object_component id="oc-6c7">
         <name>.text:Power_unregisterNotify</name>
         <load_address>0x20011c6c</load_address>
         <run_address>0x20011c6c</run_address>
         <size>0x20</size>
         <input_file_ref idref="fl-14"/>
      </object_component>
      <object_component id="oc-96f">
         <name>.text:RingBuf_peek</name>
         <load_address>0x20011c8c</load_address>
         <run_address>0x20011c8c</run_address>
         <size>0x20</size>
         <input_file_ref idref="fl-19"/>
      </object_component>
      <object_component id="oc-97d">
         <name>.text:getPowerMgrId</name>
         <load_address>0x20011cac</load_address>
         <run_address>0x20011cac</run_address>
         <size>0x20</size>
         <input_file_ref idref="fl-17"/>
      </object_component>
      <object_component id="oc-64e">
         <name>.text:I2CMasterIntStatusEx</name>
         <load_address>0x20011ccc</load_address>
         <run_address>0x20011ccc</run_address>
         <size>0x1e</size>
         <input_file_ref idref="fl-23"/>
      </object_component>
      <object_component id="oc-496">
         <name>.text:SemaphoreP_constructBinary</name>
         <load_address>0x20011cea</load_address>
         <run_address>0x20011cea</run_address>
         <size>0x1e</size>
         <input_file_ref idref="fl-1b"/>
      </object_component>
      <object_component id="oc-6e1">
         <name>.text:TimerDisable</name>
         <load_address>0x20011d08</load_address>
         <run_address>0x20011d08</run_address>
         <size>0x1e</size>
         <input_file_ref idref="fl-27"/>
      </object_component>
      <object_component id="oc-718">
         <name>.text:TimerEnable</name>
         <load_address>0x20011d26</load_address>
         <run_address>0x20011d26</run_address>
         <size>0x1e</size>
         <input_file_ref idref="fl-27"/>
      </object_component>
      <object_component id="oc-20f">
         <name>.text:GPIO_setCallback</name>
         <load_address>0x20011d44</load_address>
         <run_address>0x20011d44</run_address>
         <size>0x1c</size>
         <input_file_ref idref="fl-e"/>
      </object_component>
      <object_component id="oc-924">
         <name>.text:PinToPadGet</name>
         <load_address>0x20011d60</load_address>
         <run_address>0x20011d60</run_address>
         <size>0x1c</size>
         <input_file_ref idref="fl-25"/>
      </object_component>
      <object_component id="oc-59a">
         <name>.text:SwiP_disable</name>
         <load_address>0x20011d7c</load_address>
         <run_address>0x20011d7c</run_address>
         <size>0x1c</size>
         <input_file_ref idref="fl-20"/>
      </object_component>
      <object_component id="oc-604">
         <name>.text:free_list_remove</name>
         <load_address>0x20011d98</load_address>
         <run_address>0x20011d98</run_address>
         <size>0x1c</size>
         <input_file_ref idref="fl-ea"/>
      </object_component>
      <object_component id="oc-551">
         <name>.text:memccpy</name>
         <load_address>0x20011db4</load_address>
         <run_address>0x20011db4</run_address>
         <size>0x1c</size>
         <input_file_ref idref="fl-ff"/>
      </object_component>
      <object_component id="oc-995">
         <name>.text:ClockP_create</name>
         <load_address>0x20011dd0</load_address>
         <run_address>0x20011dd0</run_address>
         <size>0x1a</size>
         <input_file_ref idref="fl-1c"/>
      </object_component>
      <object_component id="oc-2d1">
         <name>.text:SemaphoreP_createBinary</name>
         <load_address>0x20011dea</load_address>
         <run_address>0x20011dea</run_address>
         <size>0x1a</size>
         <input_file_ref idref="fl-1b"/>
      </object_component>
      <object_component id="oc-21">
         <name>.text:resetISR</name>
         <load_address>0x20011e04</load_address>
         <run_address>0x20011e04</run_address>
         <size>0x1a</size>
         <input_file_ref idref="fl-1f"/>
      </object_component>
      <object_component id="oc-891">
         <name>.text:I2CMasterBusBusy</name>
         <load_address>0x20011e1e</load_address>
         <run_address>0x20011e1e</run_address>
         <size>0x18</size>
         <input_file_ref idref="fl-23"/>
      </object_component>
      <object_component id="oc-660">
         <name>.text:I2CMasterIntDisableEx</name>
         <load_address>0x20011e36</load_address>
         <run_address>0x20011e36</run_address>
         <size>0x18</size>
         <input_file_ref idref="fl-23"/>
      </object_component>
      <object_component id="oc-872">
         <name>.text:I2CMasterIntEnableEx</name>
         <load_address>0x20011e4e</load_address>
         <run_address>0x20011e4e</run_address>
         <size>0x18</size>
         <input_file_ref idref="fl-23"/>
      </object_component>
      <object_component id="oc-88b">
         <name>.text:I2CRxFIFOFlush</name>
         <load_address>0x20011e66</load_address>
         <run_address>0x20011e66</run_address>
         <size>0x18</size>
         <input_file_ref idref="fl-23"/>
      </object_component>
      <object_component id="oc-885">
         <name>.text:I2CTxFIFOFlush</name>
         <load_address>0x20011e7e</load_address>
         <run_address>0x20011e7e</run_address>
         <size>0x18</size>
         <input_file_ref idref="fl-23"/>
      </object_component>
      <object_component id="oc-5ac">
         <name>.text:Power_getTransitionLatency</name>
         <load_address>0x20011e98</load_address>
         <run_address>0x20011e98</run_address>
         <size>0x18</size>
         <input_file_ref idref="fl-14"/>
      </object_component>
      <object_component id="oc-7fa">
         <name>.text:Power_idleFunc</name>
         <load_address>0x20011eb0</load_address>
         <run_address>0x20011eb0</run_address>
         <size>0x18</size>
         <input_file_ref idref="fl-14"/>
      </object_component>
      <object_component id="oc-9ea">
         <name>.text:TimerIntDisable</name>
         <load_address>0x20011ec8</load_address>
         <run_address>0x20011ec8</run_address>
         <size>0x18</size>
         <input_file_ref idref="fl-27"/>
      </object_component>
      <object_component id="oc-70c">
         <name>.text:TimerIntEnable</name>
         <load_address>0x20011ee0</load_address>
         <run_address>0x20011ee0</run_address>
         <size>0x18</size>
         <input_file_ref idref="fl-27"/>
      </object_component>
      <object_component id="oc-9cc">
         <name>.text:UARTBusy</name>
         <load_address>0x20011ef8</load_address>
         <run_address>0x20011ef8</run_address>
         <size>0x18</size>
         <input_file_ref idref="fl-28"/>
      </object_component>
      <object_component id="oc-a60">
         <name>.text:UARTIntEnable</name>
         <load_address>0x20011f10</load_address>
         <run_address>0x20011f10</run_address>
         <size>0x18</size>
         <input_file_ref idref="fl-28"/>
      </object_component>
      <object_component id="oc-316">
         <name>.text:UART_Params_init</name>
         <load_address>0x20011f28</load_address>
         <run_address>0x20011f28</run_address>
         <size>0x18</size>
         <input_file_ref idref="fl-11"/>
      </object_component>
      <object_component id="oc-3aa">
         <name>.text:_outc</name>
         <load_address>0x20011f40</load_address>
         <run_address>0x20011f40</run_address>
         <size>0x18</size>
         <input_file_ref idref="fl-e0"/>
      </object_component>
      <object_component id="oc-5c9">
         <name>.text</name>
         <load_address>0x20011f58</load_address>
         <run_address>0x20011f58</run_address>
         <size>0x18</size>
         <input_file_ref idref="fl-e4"/>
      </object_component>
      <object_component id="oc-86c">
         <name>.text:I2CMasterBurstLengthSet</name>
         <load_address>0x20011f70</load_address>
         <run_address>0x20011f70</run_address>
         <size>0x16</size>
         <input_file_ref idref="fl-23"/>
      </object_component>
      <object_component id="oc-29f">
         <name>.text:PRCMHIBRegRead</name>
         <load_address>0x20011f86</load_address>
         <run_address>0x20011f86</run_address>
         <size>0x16</size>
         <input_file_ref idref="fl-26"/>
      </object_component>
      <object_component id="oc-299">
         <name>.text:PRCMHIBRegWrite</name>
         <load_address>0x20011f9c</load_address>
         <run_address>0x20011f9c</run_address>
         <size>0x16</size>
         <input_file_ref idref="fl-26"/>
      </object_component>
      <object_component id="oc-417">
         <name>.text:SemaphoreP_create</name>
         <load_address>0x20011fb2</load_address>
         <run_address>0x20011fb2</run_address>
         <size>0x16</size>
         <input_file_ref idref="fl-1b"/>
      </object_component>
      <object_component id="oc-779">
         <name>.text:strchr</name>
         <load_address>0x20011fc8</load_address>
         <run_address>0x20011fc8</run_address>
         <size>0x16</size>
         <input_file_ref idref="fl-100"/>
      </object_component>
      <object_component id="oc-158">
         <name>.text:Board_init</name>
         <load_address>0x20011fde</load_address>
         <run_address>0x20011fde</run_address>
         <size>0x14</size>
         <input_file_ref idref="fl-3"/>
      </object_component>
      <object_component id="oc-a3">
         <name>.text:CPUcpsid</name>
         <load_address>0x20011ff2</load_address>
         <run_address>0x20011ff2</run_address>
         <size>0x14</size>
         <input_file_ref idref="fl-22"/>
      </object_component>
      <object_component id="oc-458">
         <name>.text:HwiP_inISR</name>
         <load_address>0x20012008</load_address>
         <run_address>0x20012008</run_address>
         <size>0x14</size>
         <input_file_ref idref="fl-1d"/>
      </object_component>
      <object_component id="oc-899">
         <name>.text:I2CSupport_masterFinish</name>
         <load_address>0x2001201c</load_address>
         <run_address>0x2001201c</run_address>
         <size>0x14</size>
         <input_file_ref idref="fl-13"/>
      </object_component>
      <object_component id="oc-335">
         <name>.text:I2C_transfer</name>
         <load_address>0x20012030</load_address>
         <run_address>0x20012030</run_address>
         <size>0x14</size>
         <input_file_ref idref="fl-f"/>
      </object_component>
      <object_component id="oc-af">
         <name>.text:IntVTableBaseSet</name>
         <load_address>0x20012044</load_address>
         <run_address>0x20012044</run_address>
         <size>0x14</size>
         <input_file_ref idref="fl-24"/>
      </object_component>
      <object_component id="oc-45e">
         <name>.text:Power_disablePolicy</name>
         <load_address>0x20012058</load_address>
         <run_address>0x20012058</run_address>
         <size>0x14</size>
         <input_file_ref idref="fl-14"/>
      </object_component>
      <object_component id="oc-940">
         <name>.text:Power_getDependencyCount</name>
         <load_address>0x2001206c</load_address>
         <run_address>0x2001206c</run_address>
         <size>0x14</size>
         <input_file_ref idref="fl-14"/>
      </object_component>
      <object_component id="oc-a5a">
         <name>.text:releasePowerConstraint</name>
         <load_address>0x20012080</load_address>
         <run_address>0x20012080</run_address>
         <size>0x14</size>
         <input_file_ref idref="fl-17"/>
      </object_component>
      <object_component id="oc-227">
         <name>.text:strlen</name>
         <load_address>0x20012094</load_address>
         <run_address>0x20012094</run_address>
         <size>0x14</size>
         <input_file_ref idref="fl-eb"/>
      </object_component>
      <object_component id="oc-36a">
         <name>.text:HwiP_Params_init</name>
         <load_address>0x200120a8</load_address>
         <run_address>0x200120a8</run_address>
         <size>0x12</size>
         <input_file_ref idref="fl-1d"/>
      </object_component>
      <object_component id="oc-654">
         <name>.text:I2CMasterIntClearEx</name>
         <load_address>0x200120ba</load_address>
         <run_address>0x200120ba</run_address>
         <size>0x12</size>
         <input_file_ref idref="fl-23"/>
      </object_component>
      <object_component id="oc-977">
         <name>.text:RingBuf_construct</name>
         <load_address>0x200120cc</load_address>
         <run_address>0x200120cc</run_address>
         <size>0x12</size>
         <input_file_ref idref="fl-19"/>
      </object_component>
      <object_component id="oc-703">
         <name>.text:TimerIntClear</name>
         <load_address>0x200120de</load_address>
         <run_address>0x200120de</run_address>
         <size>0x12</size>
         <input_file_ref idref="fl-27"/>
      </object_component>
      <object_component id="oc-11f">
         <name>.text:main</name>
         <load_address>0x200120f0</load_address>
         <run_address>0x200120f0</run_address>
         <size>0x12</size>
         <input_file_ref idref="fl-4"/>
      </object_component>
      <object_component id="oc-557">
         <name>.text:wcslen</name>
         <load_address>0x20012102</load_address>
         <run_address>0x20012102</run_address>
         <size>0x12</size>
         <input_file_ref idref="fl-102"/>
      </object_component>
      <object_component id="oc-429">
         <name>.text:ClockP_add</name>
         <load_address>0x20012114</load_address>
         <run_address>0x20012114</run_address>
         <size>0x10</size>
         <input_file_ref idref="fl-1c"/>
      </object_component>
      <object_component id="oc-962">
         <name>.text:ClockP_delete</name>
         <load_address>0x20012124</load_address>
         <run_address>0x20012124</run_address>
         <size>0x10</size>
         <input_file_ref idref="fl-1c"/>
      </object_component>
      <object_component id="oc-4d2">
[...]
      </symbol>
      <symbol id="sm-aaa">
         <name>HwiP_disableInterrupt</name>
         <value>0x20012221</value>
         <object_component_ref idref="oc-693"/>
      </symbol>
      <symbol id="sm-ada">
         <name>PowerCC32XX_initPolicy</name>
         <value>0x2000e387</value>
         <object_component_ref idref="oc-400"/>
      </symbol>
      <symbol id="sm-adb">
         <name>PowerCC32XX_sleepPolicy</name>
         <value>0x2000d921</value>
         <object_component_ref idref="oc-406"/>
      </symbol>
      <symbol id="sm-b2b">
         <name>resetISR</name>
         <value>0x20011e05</value>
         <object_component_ref idref="oc-21"/>
      </symbol>
      <symbol id="sm-b2c">
         <name>resetVectorAddr</name>
         <value>0x20011e18</value>
         <object_component_ref idref="oc-21"/>
      </symbol>
      <symbol id="sm-b2d">
         <name>initVectors</name>
         <value>0x20011605</value>
         <object_component_ref idref="oc-59"/>
      </symbol>
      <symbol id="sm-b2e">
         <name>resetVectors</name>
         <value>0x20004000</value>
         <object_component_ref idref="oc-27"/>
      </symbol>
      <symbol id="sm-b5e">
         <name>SwiP_disable</name>
         <value>0x20011d7d</value>
         <object_component_ref idref="oc-59a"/>
      </symbol>
      <symbol id="sm-b5f">
         <name>SwiP_restore</name>
         <value>0x20011195</value>
         <object_component_ref idref="oc-5da"/>
      </symbol>
      <symbol id="sm-b6a">
         <name>CPUcpsid</name>
         <value>0x20011ff3</value>
         <object_component_ref idref="oc-a3"/>
      </symbol>
      <symbol id="sm-bd7">
         <name>I2CRxFIFOFlush</name>
         <value>0x20011e67</value>
         <object_component_ref idref="oc-88b"/>
      </symbol>
      <symbol id="sm-bd8">
         <name>I2CTxFIFOFlush</name>
         <value>0x20011e7f</value>
         <object_component_ref idref="oc-885"/>
      </symbol>
      <symbol id="sm-bd9">
         <name>I2CFIFODataPutNonBlocking</name>
         <value>0x20011a5f</value>
         <object_component_ref idref="oc-672"/>
      </symbol>
      <symbol id="sm-bda">
         <name>I2CMasterBusBusy</name>
         <value>0x20011e1f</value>
         <object_component_ref idref="oc-891"/>
      </symbol>
      <symbol id="sm-bdb">
         <name>I2CMasterIntDisableEx</name>
         <value>0x20011e37</value>
         <object_component_ref idref="oc-660"/>
      </symbol>
      <symbol id="sm-bdc">
         <name>I2CMasterBurstLengthSet</name>
         <value>0x20011f71</value>
         <object_component_ref idref="oc-86c"/>
      </symbol>
      <symbol id="sm-bdd">
         <name>I2CMasterIntClearEx</name>
         <value>0x200120bb</value>
         <object_component_ref idref="oc-654"/>
      </symbol>
      <symbol id="sm-bde">
         <name>I2CMasterSlaveAddrSet</name>
         <value>0x20011c29</value>
         <object_component_ref idref="oc-860"/>
      </symbol>
      <symbol id="sm-bdf">
         <name>I2CMasterIntEnableEx</name>
         <value>0x20011e4f</value>
         <object_component_ref idref="oc-872"/>
      </symbol>
      <symbol id="sm-be0">
         <name>I2CFIFOStatus</name>
         <value>0x20012185</value>
         <object_component_ref idref="oc-678"/>
      </symbol>
      <symbol id="sm-be1">
         <name>I2CMasterIntStatusEx</name>
         <value>0x20011ccd</value>
         <object_component_ref idref="oc-64e"/>
      </symbol>
      <symbol id="sm-be2">
         <name>I2CFIFODataGetNonBlocking</name>
         <value>0x20011b01</value>
         <object_component_ref idref="oc-858"/>
      </symbol>
      <symbol id="sm-c27">
         <name>IntVTableBaseSet</name>
         <value>0x20012045</value>
         <object_component_ref idref="oc-af"/>
      </symbol>
      <symbol id="sm-c28">
         <name>IntEnable</name>
         <value>0x2000f5cd</value>
         <object_component_ref idref="oc-b5"/>
      </symbol>
      <symbol id="sm-c29">
         <name>IntMasterDisable</name>
         <value>0x200122dd</value>
         <object_component_ref idref="oc-53"/>
      </symbol>
      <symbol id="sm-c2a">
         <name>IntPendSet</name>
         <value>0x2000fc7d</value>
         <object_component_ref idref="oc-956"/>
      </symbol>
      <symbol id="sm-c64">
         <name>PinModeGet</name>
         <value>0x200117f1</value>
         <object_component_ref idref="oc-2b7"/>
      </symbol>
      <symbol id="sm-c65">
         <name>PinConfigSet</name>
         <value>0x2000fd05</value>
         <object_component_ref idref="oc-35e"/>
      </symbol>
      <symbol id="sm-c66">
         <name>PinModeSet</name>
         <value>0x200112e5</value>
         <object_component_ref idref="oc-2bd"/>
      </symbol>
      <symbol id="sm-c67">
         <name>PinToPadGet</name>
         <value>0x20011d61</value>
         <object_component_ref idref="oc-924"/>
      </symbol>
      <symbol id="sm-d30">
         <name>PRCMLPDSRestoreInfoSet</name>
         <value>0x200110c9</value>
         <object_component_ref idref="oc-938"/>
      </symbol>
      <symbol id="sm-d31">
         <name>PRCMPeripheralReset</name>
         <value>0x200108a9</value>
         <object_component_ref idref="oc-2ab"/>
      </symbol>
      <symbol id="sm-d32">
         <name>PRCMLPDSEnter</name>
         <value>0x20010e91</value>
         <object_component_ref idref="oc-7e0"/>
      </symbol>
      <symbol id="sm-d33">
         <name>PRCMPeripheralClkEnable</name>
         <value>0x20010ed9</value>
         <object_component_ref idref="oc-2a5"/>
      </symbol>
      <symbol id="sm-d34">
         <name>PRCMLPDSEnterKeepDebugIf</name>
         <value>0x20011595</value>
         <object_component_ref idref="oc-7e6"/>
      </symbol>
      <symbol id="sm-d35">
         <name>PRCMCC3200MCUInit</name>
         <value>0x2000ca91</value>
         <object_component_ref idref="oc-1d7"/>
      </symbol>
      <symbol id="sm-d36">
         <name>PRCMHIBRegWrite</name>
         <value>0x20011f9d</value>
         <object_component_ref idref="oc-299"/>
      </symbol>
      <symbol id="sm-d37">
         <name>PRCMSysResetCauseGet</name>
         <value>0x20010791</value>
         <object_component_ref idref="oc-292"/>
      </symbol>
      <symbol id="sm-d38">
         <name>PRCMPeripheralClkDisable</name>
         <value>0x20011a89</value>
         <object_component_ref idref="oc-2b1"/>
      </symbol>
      <symbol id="sm-d39">
         <name>PRCMHIBRegRead</name>
         <value>0x20011f87</value>
         <object_component_ref idref="oc-29f"/>
      </symbol>
      <symbol id="sm-d81">
         <name>TimerLoadSet</name>
         <value>0x20011a0b</value>
         <object_component_ref idref="oc-6ed"/>
      </symbol>
      <symbol id="sm-d82">
         <name>TimerDisable</name>
         <value>0x20011d09</value>
         <object_component_ref idref="oc-6e1"/>
      </symbol>
      <symbol id="sm-d83">
         <name>TimerEnable</name>
         <value>0x20011d27</value>
         <object_component_ref idref="oc-718"/>
      </symbol>
      <symbol id="sm-d84">
         <name>TimerIntDisable</name>
         <value>0x20011ec9</value>
         <object_component_ref idref="oc-9ea"/>
      </symbol>
      <symbol id="sm-d85">
         <name>TimerPrescaleSet</name>
         <value>0x20011a35</value>
         <object_component_ref idref="oc-6e7"/>
      </symbol>
      <symbol id="sm-d86">
         <name>TimerControlStall</name>
         <value>0x200116e5</value>
         <object_component_ref idref="oc-6f3"/>
      </symbol>
      <symbol id="sm-d87">
         <name>TimerIntEnable</name>
         <value>0x20011ee1</value>
         <object_component_ref idref="oc-70c"/>
      </symbol>
      <symbol id="sm-d88">
         <name>TimerIntClear</name>
         <value>0x200120df</value>
         <object_component_ref idref="oc-703"/>
      </symbol>
      <symbol id="sm-d9c">
         <name>UARTBusy</name>
         <value>0x20011ef9</value>
         <object_component_ref idref="oc-9cc"/>
      </symbol>
      <symbol id="sm-d9d">
         <name>UARTIntEnable</name>
         <value>0x20011f11</value>
         <object_component_ref idref="oc-a60"/>
      </symbol>
      <symbol id="sm-da1">
         <name>UtilsDelay</name>
         <value>0x20012325</value>
         <object_component_ref idref="oc-298"/>
      </symbol>
      <symbol id="sm-db1">
         <name>FlashDisable</name>
         <value>0x20010db9</value>
         <object_component_ref idref="oc-94e"/>
      </symbol>
      <symbol id="sm-de0">
         <name>snprintf</name>
         <value>0x20010d6d</value>
         <object_component_ref idref="oc-221"/>
      </symbol>
      <symbol id="sm-dea">
         <name>__aeabi_fmul</name>
         <value>0x20010197</value>
         <object_component_ref idref="oc-393"/>
      </symbol>
      <symbol id="sm-df4">
         <name>__aeabi_f2iz</name>
         <value>0x20011675</value>
         <object_component_ref idref="oc-398"/>
      </symbol>
      <symbol id="sm-dff">
         <name>__aeabi_i2f</name>
         <value>0x200116ad</value>
         <object_component_ref idref="oc-38e"/>
      </symbol>
      <symbol id="sm-e08">
         <name>__aeabi_lmul</name>
         <value>0x20011f59</value>
         <object_component_ref idref="oc-5c9"/>
      </symbol>
      <symbol id="sm-e23">
         <name>memcpy</name>
         <value>0x2000f99d</value>
         <object_component_ref idref="oc-3b"/>
      </symbol>
      <symbol id="sm-e24">
         <name>__aeabi_memcpy</name>
         <value>0x2000f99d</value>
         <object_component_ref idref="oc-3b"/>
      </symbol>
      <symbol id="sm-e25">
         <name>__aeabi_memcpy8</name>
         <value>0x2000f99d</value>
         <object_component_ref idref="oc-3b"/>
      </symbol>
      <symbol id="sm-e26">
         <name>__aeabi_memcpy4</name>
         <value>0x2000f99d</value>
         <object_component_ref idref="oc-3b"/>
      </symbol>
      <symbol id="sm-e33">
         <name>__aeabi_uldivmod</name>
         <value>0x2000fa39</value>
         <object_component_ref idref="oc-5be"/>
      </symbol>
      <symbol id="sm-e45">
         <name>__TI_zero_init</name>
         <value>0x20012299</value>
         <object_component_ref idref="oc-4d"/>
      </symbol>
      <symbol id="sm-e5c">
         <name>__TI_decompress_none</name>
         <value>0x20012267</value>
         <object_component_ref idref="oc-1a"/>
      </symbol>
      <symbol id="sm-e7f">
         <name>__TI_decompress_lzss</name>
         <value>0x20010535</value>
         <object_component_ref idref="oc-14"/>
      </symbol>
      <symbol id="sm-f08">
         <name>_sys_memory</name>
         <value>0x20004040</value>
         <object_component_ref idref="oc-2a"/>
      </symbol>
      <symbol id="sm-f09">
         <name>free</name>
         <value>0x2000ecf9</value>
         <object_component_ref idref="oc-422"/>
      </symbol>
      <symbol id="sm-f0a">
         <name>memalign</name>
         <value>0x2000e811</value>
         <object_component_ref idref="oc-71f"/>
      </symbol>
      <symbol id="sm-f0b">
         <name>malloc</name>
         <value>0x20012301</value>
         <object_component_ref idref="oc-509"/>
      </symbol>
      <symbol id="sm-f0c">
         <name>aligned_alloc</name>
         <value>0x2000e811</value>
         <object_component_ref idref="oc-71f"/>
      </symbol>
      <symbol id="sm-f1a">
         <name>strlen</name>
         <value>0x20012095</value>
         <object_component_ref idref="oc-227"/>
      </symbol>
      <symbol id="sm-f2c">
         <name>__stack</name>
         <value>0x20003000</value>
         <object_component_ref idref="oc-2d"/>
      </symbol>
      <symbol id="sm-f2d">
         <name>_c_int00_noargs</name>
         <value>0x20011c05</value>
         <object_component_ref idref="oc-c5"/>
      </symbol>
      <symbol id="sm-1092">
         <name>__TI_printfi</name>
         <value>0x2000c041</value>
         <object_component_ref idref="oc-39e"/>
      </symbol>
      <symbol id="sm-109c">
         <name>__aeabi_idiv0</name>
         <value>0x20011593</value>
         <object_component_ref idref="oc-7b1"/>
      </symbol>
      <symbol id="sm-109d">
         <name>__aeabi_ldiv0</name>
         <value>0x20011593</value>
         <object_component_ref idref="oc-7b1"/>
      </symbol>
      <symbol id="sm-10b4">
         <name>__aeabi_dsub</name>
         <value>0x2000d769</value>
         <object_component_ref idref="oc-74d"/>
      </symbol>
      <symbol id="sm-10b5">
         <name>__aeabi_dadd</name>
         <value>0x2000d773</value>
         <object_component_ref idref="oc-74d"/>
      </symbol>
      <symbol id="sm-10d7">
         <name>__aeabi_cdcmpeq</name>
         <value>0x2000fd8d</value>
         <object_component_ref idref="oc-534"/>
      </symbol>
      <symbol id="sm-10d8">
         <name>__aeabi_cdcmple</name>
         <value>0x2000fd8d</value>
         <object_component_ref idref="oc-534"/>
      </symbol>
      <symbol id="sm-10d9">
         <name>__aeabi_cdrcmple</name>
         <value>0x2000fe13</value>
         <object_component_ref idref="oc-738"/>
      </symbol>
      <symbol id="sm-10ed">
         <name>__aeabi_ddiv</name>
         <value>0x2000e251</value>
         <object_component_ref idref="oc-733"/>
      </symbol>
      <symbol id="sm-10f8">
         <name>__aeabi_dmul</name>
         <value>0x2000eb09</value>
         <object_component_ref idref="oc-72e"/>
      </symbol>
      <symbol id="sm-1102">
         <name>__aeabi_d2iz</name>
         <value>0x20010fb1</value>
         <object_component_ref idref="oc-73d"/>
      </symbol>
      <symbol id="sm-110c">
         <name>__aeabi_i2d</name>
         <value>0x20011985</value>
         <object_component_ref idref="oc-748"/>
      </symbol>
      <symbol id="sm-111b">
         <name>__aeabi_memset</name>
         <value>0x20010213</value>
         <object_component_ref idref="oc-9d"/>
      </symbol>
      <symbol id="sm-111c">
         <name>memset</name>
         <value>0x20010219</value>
         <object_component_ref idref="oc-9d"/>
      </symbol>
      <symbol id="sm-111d">
         <name>__aeabi_memset8</name>
         <value>0x20010213</value>
         <object_component_ref idref="oc-9d"/>
      </symbol>
      <symbol id="sm-111e">
         <name>__aeabi_memset4</name>
         <value>0x20010213</value>
         <object_component_ref idref="oc-9d"/>
      </symbol>
      <symbol id="sm-111f">
         <name>__aeabi_memclr8</name>
         <value>0x20010211</value>
         <object_component_ref idref="oc-9d"/>
      </symbol>
      <symbol id="sm-1120">
         <name>__aeabi_memclr4</name>
         <value>0x20010211</value>
         <object_component_ref idref="oc-9d"/>
      </symbol>
      <symbol id="sm-1121">
         <name>__aeabi_memclr</name>
         <value>0x20010211</value>
         <object_component_ref idref="oc-9d"/>
      </symbol>
      <symbol id="sm-1149">
         <name>__TI_auto_init_nobinit_nopinit</name>
         <value>0x20011261</value>
         <object_component_ref idref="oc-177"/>
      </symbol>
      <symbol id="sm-1153">
         <name>_system_pre_init</name>
         <value>0x2001233b</value>
         <object_component_ref idref="oc-119"/>
      </symbol>
      <symbol id="sm-115f">
         <name>C$$EXIT</name>
         <value>0x2001233f</value>
         <object_component_ref idref="oc-16b"/>
      </symbol>
      <symbol id="sm-1160">
         <name>abort</name>
         <value>0x2001233f</value>
         <object_component_ref idref="oc-16b"/>
      </symbol>
      <symbol id="sm-1175">
         <name>_nop</name>
         <value>0x2000f0f3</value>
         <object_component_ref idref="oc-3cd"/>
      </symbol>
      <symbol id="sm-1176">
         <name>_lock</name>
         <value>0x200129ac</value>
         <object_component_ref idref="oc-24a"/>
      </symbol>
      <symbol id="sm-1177">
         <name>_unlock</name>
         <value>0x200129b0</value>
         <object_component_ref idref="oc-24a"/>
      </symbol>
      <symbol id="sm-1186">
         <name>__TI_ltoa</name>
         <value>0x200109af</value>
         <object_component_ref idref="oc-742"/>
      </symbol>
      <symbol id="sm-119d">
         <name>atoi</name>
         <value>0x20010cd5</value>
         <object_component_ref idref="oc-528"/>
      </symbol>
      <symbol id="sm-11a8">
         <name>_ctypes_</name>
         <value>0x200129e0</value>
         <object_component_ref idref="oc-727"/>
      </symbol>
      <symbol id="sm-11b8">
         <name>memccpy</name>
         <value>0x20011db5</value>
         <object_component_ref idref="oc-551"/>
      </symbol>
      <symbol id="sm-11c8">
         <name>strchr</name>
         <value>0x20011fc9</value>
         <object_component_ref idref="oc-779"/>
      </symbol>
      <symbol id="sm-11de">
         <name>__aeabi_errno_addr</name>
         <value>0x200122f9</value>
         <object_component_ref idref="oc-55d"/>
      </symbol>
      <symbol id="sm-11df">
         <name>errno</name>
         <value>0x200129dc</value>
         <object_component_ref idref="oc-789"/>
      </symbol>
      <symbol id="sm-11f8">
         <name>wcslen</name>
         <value>0x20012103</value>
         <object_component_ref idref="oc-557"/>
      </symbol>
      <symbol id="sm-1218">
         <name>frexpl</name>
         <value>0x200107f1</value>
         <object_component_ref idref="oc-76d"/>
      </symbol>
      <symbol id="sm-1219">
         <name>frexp</name>
         <value>0x200107f1</value>
         <object_component_ref idref="oc-76d"/>
      </symbol>
      <symbol id="sm-1237">
         <name>scalbn</name>
         <value>0x2000eddd</value>
         <object_component_ref idref="oc-773"/>
      </symbol>
      <symbol id="sm-1238">
         <name>scalbnl</name>
         <value>0x2000eddd</value>
         <object_component_ref idref="oc-773"/>
      </symbol>
      <symbol id="sm-1239">
         <name>ldexpl</name>
         <value>0x2000eddd</value>
         <object_component_ref idref="oc-773"/>
      </symbol>
      <symbol id="sm-123a">
         <name>ldexp</name>
         <value>0x2000eddd</value>
         <object_component_ref idref="oc-773"/>
      </symbol>
      <symbol id="sm-1244">
         <name>copysign</name>
         <value>0x2001228d</value>
         <object_component_ref idref="oc-8ee"/>
      </symbol>
      <symbol id="sm-1245">
         <name>copysignl</name>
         <value>0x2001228d</value>
         <object_component_ref idref="oc-8ee"/>
      </symbol>
      <symbol id="sm-1246">
         <name>__TI_static_base__</name>
         <value>0x20013358</value>
      </symbol>
      <symbol id="sm-1249">
         <name>ITM_flush</name>
         <value>0x0</value>
      </symbol>
      <symbol id="sm-124a">
         <name>ITM_restore</name>
         <value>0x0</value>
      </symbol>
      <symbol id="sm-124b">
         <name>__mpu_init</name>
         <value>0x0</value>
      </symbol>
      <symbol id="sm-124c">
         <name>_system_post_cinit</name>
         <value>0x0</value>
      </symbol>
      <symbol id="sm-124d">
         <name>NoRTOS_start</name>
         <value>0x2001222f</value>
      </symbol>
   </symbol_table>
   <title>Link successful</title>
</link_info>
